// Jest Snapshot v1, https://goo.gl/fbAQLP

exports[`Pruebas en el componente NoteScreen. Debe de hacer match con el snapshot. 1`] = `
<div
  className="notes__main-content"
>
  <div
    className="notes__appbar"
  >
    <span>
      22 de marzo de 2022
    </span>
    <input
      id="fileSelector"
      name="file"
      onChange={[Function]}
      style={
        Object {
          "display": "none",
        }
      }
      type="file"
    />
    <div>
      <button
        className="btn"
        onClick={[Function]}
      >
        Picture
      </button>
      <button
        className="btn"
        onClick={[Function]}
      >
        Save
      </button>
    </div>
  </div>
  <div
    className="notes__content"
  >
    <form
      className="notes__main-content"
    >
      <input
        autoComplete="off"
        className="notes__title-input"
        name="title"
        onChange={[Function]}
        placeholder="Some awesome title"
        type="text"
        value="title"
      />
      <textarea
        className="notes__textarea"
        name="body"
        onChange={[Function]}
        placeholder="What happened today?"
        value="body"
      />
    </form>
  </div>
  <button
    className="btn btn-danger"
    onClick={[Function]}
  >
    Delete
  </button>
</div>
`;
