// Jest Snapshot v1, https://goo.gl/fbAQLP

exports[`Pruebas en el componente JournalEntry. Debe de hacer match con el snapshot. 1`] = `
<div
  className="journal__entry pointer animate__animated animate__fadeIn animate__faster"
  onClick={[Function]}
>
  <div
    className="journal___entry-picture"
    style={
      Object {
        "backgroundImage": "url( https://algunlugar.com/fojo.jpg )",
        "backgroundSize": "cover",
      }
    }
  />
  <div
    className="journal__entry-body"
  >
    <p
      className="journal__entry-title"
    >
      This is
    </p>
    <p
      className="journal__entry-content"
    >
      the way
    </p>
  </div>
  <div
    className="journal__entry-date-box"
  >
    <span>
      Wednesday
    </span>
    <h4>
      31st
    </h4>
  </div>
</div>
`;
