// Jest Snapshot v1, https://goo.gl/fbAQLP

exports[`Pruebas en el componente <Sidebar />. Debe de hacer match con el snapshot. 1`] = `
<aside
  className="journal__sidebar"
>
  <div
    className="journal__sidebar-navbar"
  >
    <h3
      className="mt-5"
    >
      <i
        className="fa fa-moon"
      />
      <span>
         
        Alex
      </span>
    </h3>
    <button
      className="btn"
      onClick={[Function]}
    >
      Logout
    </button>
  </div>
  <div
    className="journal___new-entry"
    onClick={[Function]}
  >
    <i
      className="far fa-calendar-plus fa-5x"
    />
    <p
      className="mt-5"
    >
      New entry
    </p>
  </div>
  <div
    className="journal__entries"
  />
</aside>
`;
